// Jest Snapshot v1, https://goo.gl/fbAQLP

exports[`Pruebas en CounterApp.test.jsx  should hacer match con el snapshot 1`] = `
<div>
  <h1>
    CounterApp
  </h1>
  <h2>
    100
  </h2>
  <button
    aria-label="btn-more"
  >
     +1 
  </button>
  <button
    aria-label="btn-less"
  >
     -1 
  </button>
  <button
    aria-label="btn-reset"
  >
     Reset 
  </button>
</div>
`;
