// Jest Snapshot v1, https://goo.gl/fbAQLP

exports[`Pruebas en <FirstApp /> should hacer match con el snapshot 1`] = `
<div>
  <h1
    data-testid="test-title"
  >
     Hola, soy 
    The Batman
     
  </h1>
  <p>
    No hay subtítulo en este episodio
  </p>
  <p>
    No hay subtítulo en este episodio
  </p>
  <p>
    Alexander Magallanes
    . Derechos reservados
  </p>
</div>
`;
